// Vitest Snapshot v1, https://vitest.dev/guide/snapshot.html

exports[`WASM binding sources stay on the shared common.h field readers > has no new bare literal-key field reads beyond the tracked baseline (snapshot ratchet) 1`] = `
[
  "analysis/quick.cpp:360 ["backtrack"]",
  "effects/audio.cpp:572 ["nFft"]",
  "effects/audio.cpp:576 ["hopLength"]",
  "effects/audio.cpp:583 ["healRadiusFrames"]",
  "effects/audio.cpp:603 ["startSample"]",
  "effects/audio.cpp:606 ["endSample"]",
  "effects/audio.cpp:608 ["lowHz"]",
  "effects/audio.cpp:609 ["highHz"]",
  "effects/audio.cpp:610 ["gainDb"]",
  "effects/offline_dynamics_editing.cpp:111 ["thresholdDb"]",
  "effects/offline_dynamics_editing.cpp:113 ["attackMs"]",
  "effects/offline_dynamics_editing.cpp:114 ["releaseMs"]",
  "effects/offline_dynamics_editing.cpp:115 ["rangeDb"]",
  "effects/offline_dynamics_editing.cpp:116 ["holdMs"]",
  "effects/offline_dynamics_editing.cpp:118 ["closeThresholdDb"]",
  "effects/offline_dynamics_editing.cpp:120 ["keyHpfHz"]",
  "effects/offline_dynamics_editing.cpp:134 ["attackGainDb"]",
  "effects/offline_dynamics_editing.cpp:137 ["sustainGainDb"]",
  "effects/offline_dynamics_editing.cpp:140 ["fastAttackMs"]",
  "effects/offline_dynamics_editing.cpp:143 ["fastReleaseMs"]",
  "effects/offline_dynamics_editing.cpp:146 ["slowAttackMs"]",
  "effects/offline_dynamics_editing.cpp:149 ["slowReleaseMs"]",
  "effects/offline_dynamics_editing.cpp:152 ["sensitivity"]",
  "effects/offline_dynamics_editing.cpp:154 ["maxGainDb"]",
  "effects/offline_dynamics_editing.cpp:156 ["gainSmoothingMs"]",
  "effects/offline_dynamics_editing.cpp:159 ["lookaheadMs"]",
  "effects/offline_dynamics_editing.cpp:75 ["thresholdDb"]",
  "effects/offline_dynamics_editing.cpp:77 ["ratio"]",
  "effects/offline_dynamics_editing.cpp:78 ["attackMs"]",
  "effects/offline_dynamics_editing.cpp:79 ["releaseMs"]",
  "effects/offline_dynamics_editing.cpp:80 ["kneeDb"]",
  "effects/offline_dynamics_editing.cpp:82 ["makeupGainDb"]",
  "effects/offline_dynamics_editing.cpp:84 ["autoMakeup"]",
  "effects/offline_dynamics_editing.cpp:89 ["sidechainHpfEnabled"]",
  "effects/offline_dynamics_editing.cpp:92 ["sidechainHpfHz"]",
  "effects/offline_dynamics_editing.cpp:94 ["pdrTimeMs"]",
  "effects/offline_dynamics_editing.cpp:96 ["pdrReleaseScale"]",
  "metering/metering.cpp:305 ["nFft"]",
  "metering/metering.cpp:313 ["applyOctaveSmoothing"]",
  "metering/metering.cpp:316 ["octaveFraction"]",
  "metering/metering.cpp:324 ["dbRef"]",
  "metering/metering.cpp:332 ["dbAmin"]",
  "metering/metering.cpp:364 ["nFft"]",
  "metering/metering.cpp:372 ["applyOctaveSmoothing"]",
  "metering/metering.cpp:375 ["octaveFraction"]",
  "metering/metering.cpp:383 ["dbRef"]",
  "metering/metering.cpp:391 ["dbAmin"]",
  "project/project_arrange.cpp:103 ["trackId"]",
  "project/project_arrange.cpp:104 ["startPpq"]",
  "project/project_arrange.cpp:105 ["loopLengthPpq"]",
  "project/project_arrange.cpp:106 ["audioChannels"]",
  "project/project_arrange.cpp:108 ["audioSampleRate"]",
  "project/project_arrange.cpp:215 ["warpSample"]",
  "project/project_arrange.cpp:217 ["sourceSample"]",
  "project/project_arrange.cpp:220 ["name"]",
  "project/project_arrange.cpp:222 ["id"]",
  "project/project_arrange.cpp:44 ["name"]",
  "project/project_arrange.cpp:64 ["trackId"]",
  "project/project_arrange.cpp:65 ["isMidi"]",
  "project/project_arrange.cpp:66 ["startPpq"]",
  "project/project_arrange.cpp:67 ["lengthPpq"]",
  "project/project_arrange.cpp:69 ["sourceOffsetPpq"]",
  "project/project_arrange.cpp:70 ["gain"]",
  "project/project_arrange.cpp:71 ["audioChannels"]",
  "project/project_arrange.cpp:73 ["audioSampleRate"]",
  "project/project_arrange.cpp:85 ["sourceUri"]",
  "project/project_bounce.cpp:152 ["destinationId"]",
  "project/project_bounce.cpp:243 ["destinationId"]",
  "project/project_bounce.cpp:246 ["gain"]",
  "project/project_bounce.cpp:249 ["polyphony"]",
  "project/project_bounce.cpp:254 ["preferModelForModeledFamilies"]",
  "project/project_bounce.cpp:27 ["totalFrames"]",
  "project/project_bounce.cpp:30 ["blockSize"]",
  "project/project_bounce.cpp:33 ["numChannels"]",
  "project/project_bounce.cpp:44 ["sampleRate"]",
  "project/project_bounce.cpp:47 ["instrumentLatencySamples"]",
  "project/project_bounce.cpp:59 ["destinationId"]",
  "project/project_bounce.cpp:77 ["gain"]",
  "project/project_bounce.cpp:80 ["attackMs"]",
  "project/project_bounce.cpp:83 ["decayMs"]",
  "project/project_bounce.cpp:86 ["sustain"]",
  "project/project_bounce.cpp:89 ["releaseMs"]",
  "project/project_bounce.cpp:92 ["polyphony"]",
  "project/project_edit.cpp:106 ["id"]",
  "project/project_edit.cpp:108 ["sourceId"]",
  "project/project_edit.cpp:111 ["sourceOffsetPpq"]",
  "project/project_edit.cpp:114 ["name"]",
  "project/project_edit.cpp:138 ["startPpq"]",
  "project/project_edit.cpp:139 ["endPpq"]",
  "project/project_edit.cpp:141 ["takeId"]",
  "project/project_edit.cpp:217 ["ppq"]",
  "project/project_edit.cpp:218 ["value"]",
  "project/project_edit.cpp:256 ["targetParamId"]",
  "project/project_edit.cpp:33 ["lengthPpq"]",
  "project/project_external_stems.cpp:47 ["layout"]",
  "project/project_external_stems.cpp:54 ["name"]",
  "project/project_external_stems.cpp:85 ["startFrame"]",
  "project/project_external_stems.cpp:89 ["sampleRate"]",
  "project/project_meta.cpp:30 ["startPpq"]",
  "project/project_meta.cpp:31 ["endPpq"]",
  "project/project_meta.cpp:32 ["tonicPc"]",
  "project/project_meta.cpp:33 ["mode"]",
  "project/project_meta.cpp:337 ["startPpq"]",
  "project/project_meta.cpp:338 ["bpm"]",
  "project/project_meta.cpp:339 ["endBpm"]",
  "project/project_meta.cpp:358 ["startPpq"]",
  "project/project_meta.cpp:359 ["numerator"]",
  "project/project_meta.cpp:360 ["denominator"]",
  "project/project_meta.cpp:58 ["startPpq"]",
  "project/project_meta.cpp:59 ["endPpq"]",
  "project/project_meta.cpp:60 ["rootPc"]",
  "project/project_meta.cpp:61 ["quality"]",
  "project/project_meta.cpp:63 ["slashBassPc"]",
  "project/project_meta.cpp:65 ["modulationBoundary"]",
  "project/project_meta.cpp:82 ["romanNumeral"]",
  "project/project_midi.cpp:22 ["ppq"]",
  "project/project_midi.cpp:23 ["data0"]",
  "project/project_midi.cpp:24 ["data1"]",
  "project/project_midi.cpp:246 ["ppq"]",
  "project/project_midi.cpp:247 ["data0"]",
  "project/project_midi.cpp:248 ["data1"]",
  "project/project_midi.cpp:262 ["ccNumber"]",
  "project/project_midi.cpp:264 ["channel"]",
  "project/project_midi.cpp:266 ["kind"]",
  "project/project_midi.cpp:267 ["ccLsbNumber"]",
  "project/project_midi.cpp:268 ["selectorMsb"]",
  "project/project_midi.cpp:269 ["selectorLsb"]",
  "project/project_midi.cpp:270 ["paramId"]",
  "project/project_midi.cpp:271 ["minValue"]",
  "project/project_midi.cpp:272 ["maxValue"]",
  "project/project_midi.cpp:353 ["ppq"]",
  "project/project_midi.cpp:354 ["data0"]",
  "project/project_midi.cpp:355 ["data1"]",
  "project/project_midi.cpp:361 ["filterGroup"]",
  "project/project_midi.cpp:364 ["filterChannel"]",
  "project/project_midi.cpp:367 ["remapChannel"]",
  "project/project_midi.cpp:370 ["thru"]",
  "realtime/midi.cpp:290 ["ccNumber"]",
  "realtime/midi.cpp:294 ["kind"]",
  "realtime/midi.cpp:301 ["paramId"]",
  "realtime/midi.cpp:302 ["minValue"]",
  "realtime/midi.cpp:303 ["maxValue"]",
]
`;
