// Vitest Snapshot v1, https://vitest.dev/guide/snapshot.html

exports[`WASM binding sources stay on the shared common.h field readers > has no new bare literal-key field reads beyond the tracked baseline (snapshot ratchet) 1`] = `
[
  "analysis/quick.cpp:360 ["backtrack"]",
  "effects/audio.cpp:518 ["nFft"]",
  "effects/audio.cpp:522 ["hopLength"]",
  "effects/audio.cpp:529 ["healRadiusFrames"]",
  "effects/audio.cpp:549 ["startSample"]",
  "effects/audio.cpp:552 ["endSample"]",
  "effects/audio.cpp:554 ["lowHz"]",
  "effects/audio.cpp:555 ["highHz"]",
  "effects/audio.cpp:556 ["gainDb"]",
  "effects/offline_dynamics_editing.cpp:111 ["thresholdDb"]",
  "effects/offline_dynamics_editing.cpp:113 ["attackMs"]",
  "effects/offline_dynamics_editing.cpp:114 ["releaseMs"]",
  "effects/offline_dynamics_editing.cpp:115 ["rangeDb"]",
  "effects/offline_dynamics_editing.cpp:116 ["holdMs"]",
  "effects/offline_dynamics_editing.cpp:118 ["closeThresholdDb"]",
  "effects/offline_dynamics_editing.cpp:120 ["keyHpfHz"]",
  "effects/offline_dynamics_editing.cpp:134 ["attackGainDb"]",
  "effects/offline_dynamics_editing.cpp:137 ["sustainGainDb"]",
  "effects/offline_dynamics_editing.cpp:140 ["fastAttackMs"]",
  "effects/offline_dynamics_editing.cpp:143 ["fastReleaseMs"]",
  "effects/offline_dynamics_editing.cpp:146 ["slowAttackMs"]",
  "effects/offline_dynamics_editing.cpp:149 ["slowReleaseMs"]",
  "effects/offline_dynamics_editing.cpp:152 ["sensitivity"]",
  "effects/offline_dynamics_editing.cpp:154 ["maxGainDb"]",
  "effects/offline_dynamics_editing.cpp:156 ["gainSmoothingMs"]",
  "effects/offline_dynamics_editing.cpp:159 ["lookaheadMs"]",
  "effects/offline_dynamics_editing.cpp:75 ["thresholdDb"]",
  "effects/offline_dynamics_editing.cpp:77 ["ratio"]",
  "effects/offline_dynamics_editing.cpp:78 ["attackMs"]",
  "effects/offline_dynamics_editing.cpp:79 ["releaseMs"]",
  "effects/offline_dynamics_editing.cpp:80 ["kneeDb"]",
  "effects/offline_dynamics_editing.cpp:82 ["makeupGainDb"]",
  "effects/offline_dynamics_editing.cpp:84 ["autoMakeup"]",
  "effects/offline_dynamics_editing.cpp:89 ["sidechainHpfEnabled"]",
  "effects/offline_dynamics_editing.cpp:92 ["sidechainHpfHz"]",
  "effects/offline_dynamics_editing.cpp:94 ["pdrTimeMs"]",
  "effects/offline_dynamics_editing.cpp:96 ["pdrReleaseScale"]",
  "metering/metering.cpp:290 ["nFft"]",
  "metering/metering.cpp:298 ["applyOctaveSmoothing"]",
  "metering/metering.cpp:301 ["octaveFraction"]",
  "metering/metering.cpp:309 ["dbRef"]",
  "metering/metering.cpp:317 ["dbAmin"]",
  "metering/metering.cpp:349 ["nFft"]",
  "metering/metering.cpp:357 ["applyOctaveSmoothing"]",
  "metering/metering.cpp:360 ["octaveFraction"]",
  "metering/metering.cpp:368 ["dbRef"]",
  "metering/metering.cpp:376 ["dbAmin"]",
  "project/project_arrange.cpp:103 ["trackId"]",
  "project/project_arrange.cpp:104 ["startPpq"]",
  "project/project_arrange.cpp:105 ["loopLengthPpq"]",
  "project/project_arrange.cpp:106 ["audioChannels"]",
  "project/project_arrange.cpp:108 ["audioSampleRate"]",
  "project/project_arrange.cpp:215 ["warpSample"]",
  "project/project_arrange.cpp:217 ["sourceSample"]",
  "project/project_arrange.cpp:220 ["name"]",
  "project/project_arrange.cpp:222 ["id"]",
  "project/project_arrange.cpp:44 ["name"]",
  "project/project_arrange.cpp:64 ["trackId"]",
  "project/project_arrange.cpp:65 ["isMidi"]",
  "project/project_arrange.cpp:66 ["startPpq"]",
  "project/project_arrange.cpp:67 ["lengthPpq"]",
  "project/project_arrange.cpp:69 ["sourceOffsetPpq"]",
  "project/project_arrange.cpp:70 ["gain"]",
  "project/project_arrange.cpp:71 ["audioChannels"]",
  "project/project_arrange.cpp:73 ["audioSampleRate"]",
  "project/project_arrange.cpp:85 ["sourceUri"]",
  "project/project_bounce.cpp:151 ["destinationId"]",
  "project/project_bounce.cpp:237 ["destinationId"]",
  "project/project_bounce.cpp:240 ["gain"]",
  "project/project_bounce.cpp:243 ["polyphony"]",
  "project/project_bounce.cpp:248 ["preferModelForModeledFamilies"]",
  "project/project_bounce.cpp:27 ["totalFrames"]",
  "project/project_bounce.cpp:30 ["blockSize"]",
  "project/project_bounce.cpp:33 ["numChannels"]",
  "project/project_bounce.cpp:44 ["sampleRate"]",
  "project/project_bounce.cpp:47 ["instrumentLatencySamples"]",
  "project/project_bounce.cpp:59 ["destinationId"]",
  "project/project_bounce.cpp:77 ["gain"]",
  "project/project_bounce.cpp:80 ["attackMs"]",
  "project/project_bounce.cpp:83 ["decayMs"]",
  "project/project_bounce.cpp:86 ["sustain"]",
  "project/project_bounce.cpp:89 ["releaseMs"]",
  "project/project_bounce.cpp:92 ["polyphony"]",
  "project/project_edit.cpp:102 ["sourceOffsetPpq"]",
  "project/project_edit.cpp:105 ["name"]",
  "project/project_edit.cpp:129 ["startPpq"]",
  "project/project_edit.cpp:130 ["endPpq"]",
  "project/project_edit.cpp:132 ["takeId"]",
  "project/project_edit.cpp:208 ["ppq"]",
  "project/project_edit.cpp:209 ["value"]",
  "project/project_edit.cpp:247 ["targetParamId"]",
  "project/project_edit.cpp:31 ["lengthPpq"]",
  "project/project_edit.cpp:97 ["id"]",
  "project/project_edit.cpp:99 ["sourceId"]",
  "project/project_external_stems.cpp:47 ["layout"]",
  "project/project_external_stems.cpp:54 ["name"]",
  "project/project_external_stems.cpp:85 ["startFrame"]",
  "project/project_external_stems.cpp:89 ["sampleRate"]",
  "project/project_meta.cpp:20 ["startPpq"]",
  "project/project_meta.cpp:21 ["endPpq"]",
  "project/project_meta.cpp:22 ["tonicPc"]",
  "project/project_meta.cpp:23 ["mode"]",
  "project/project_meta.cpp:314 ["startPpq"]",
  "project/project_meta.cpp:315 ["bpm"]",
  "project/project_meta.cpp:316 ["endBpm"]",
  "project/project_meta.cpp:335 ["startPpq"]",
  "project/project_meta.cpp:336 ["numerator"]",
  "project/project_meta.cpp:337 ["denominator"]",
  "project/project_meta.cpp:48 ["startPpq"]",
  "project/project_meta.cpp:49 ["endPpq"]",
  "project/project_meta.cpp:50 ["rootPc"]",
  "project/project_meta.cpp:51 ["quality"]",
  "project/project_meta.cpp:53 ["slashBassPc"]",
  "project/project_meta.cpp:55 ["modulationBoundary"]",
  "project/project_meta.cpp:72 ["romanNumeral"]",
  "project/project_midi.cpp:22 ["ppq"]",
  "project/project_midi.cpp:23 ["data0"]",
  "project/project_midi.cpp:24 ["data1"]",
  "project/project_midi.cpp:246 ["ppq"]",
  "project/project_midi.cpp:247 ["data0"]",
  "project/project_midi.cpp:248 ["data1"]",
  "project/project_midi.cpp:262 ["ccNumber"]",
  "project/project_midi.cpp:264 ["channel"]",
  "project/project_midi.cpp:266 ["kind"]",
  "project/project_midi.cpp:267 ["ccLsbNumber"]",
  "project/project_midi.cpp:268 ["selectorMsb"]",
  "project/project_midi.cpp:269 ["selectorLsb"]",
  "project/project_midi.cpp:270 ["paramId"]",
  "project/project_midi.cpp:271 ["minValue"]",
  "project/project_midi.cpp:272 ["maxValue"]",
  "project/project_midi.cpp:353 ["ppq"]",
  "project/project_midi.cpp:354 ["data0"]",
  "project/project_midi.cpp:355 ["data1"]",
  "project/project_midi.cpp:361 ["filterGroup"]",
  "project/project_midi.cpp:364 ["filterChannel"]",
  "project/project_midi.cpp:367 ["remapChannel"]",
  "project/project_midi.cpp:370 ["thru"]",
  "realtime/midi.cpp:290 ["ccNumber"]",
  "realtime/midi.cpp:294 ["kind"]",
  "realtime/midi.cpp:301 ["paramId"]",
  "realtime/midi.cpp:302 ["minValue"]",
  "realtime/midi.cpp:303 ["maxValue"]",
]
`;
